border_size=1
usage=map

Gs^Fp       , Gs^Fp       , Gs^Fp       , Gs^Fp       , Gs^Fp       , Gs^Fp       , Gs^Fp       , Gs^Fp       , Hh^Fdw      , Hh^Fp       , Hh^Fp       , Gs^Fp       , Gs^Fmw      , Gs^Fmw      , Gs^Fmw      , Gs^Fmw      , Gs^Fmw      , Gs^Fp       , Gs^Fp       , Gs^Fp       , Gs^Fp       , Gg          , Gg          , Gg          , Gg          , Gg          , Gg          , Gg          , Gg          , Gs          , Gs          , Gs          , Gs          , Gs          , Gs          , Gs          , Gs          , Gs          , Gg          , Gg          , Gg          , Ha          , Ms          , Ha          , Ms          , Ms          , Ms          , Ha^Fpa      , Ha^Fpa      , Ms          , Ms          , Ms          , Ms          , Ms          , Ms          , Ms          , Ms          , Ms          , Ms          , Ms          , Ms          , Ha          
Hh^Fp       , Hh^Fp       , Hh^Fp       , Gs^Fp       , Gs^Fp       , Gs^Fmw      , Gs^Fmw      , Gs^Fmw      , Gs^Fp       , Hh^Fp       , Gs^Fp       , Gs^Fp       , Gs^Fp       , Gs^Fmw      , Gs^Fp       , Gs^Fmw      , Gs^Fmf      , Gs^Fdw      , Hh^Fp       , Gs^Fmw      , Gs          , Gs          , Gs          , Gg          , Gg^Vo       , Gg          , Gs          , Gg          , Gs          , Gs          , Gs          , Gs          , Gs          , Gs          , Gs          , Gs          , Gs          , Gs          , Gs          , Gg          , Gg          , Ha          , Ha^Fma      , Ha          , Ms^Vhha     , Ms          , Ms          , Ha          , Ha          , Ha^Fpa      , Ha^Fpa      , Ms^Vhha     , Ha          , Ms          , Ms          , Ms          , Ms          , Ms          , Ms          , Ms          , Ms          , Ha          
Hh^Fp       , Hh^Fp       , Ha^Fma      , Hh^Fp       , Hh^Fdw      , Gs^Fp       , Gs^Fmw      , Gs^Fmf      , Gs^Fp       , Gg^Vo       , Gs^Fp       , Gs^Fp       , Hh^Fmw      , Hh^Fmw      , Hh^Fp       , Gs^Fp       , Hh^Fp       , Hh^Fp       , Hh^Fp       , Gs          , Gs          , Gs          , Gs          , Gs          , Gs          , Gs          , Gs          , Gs          , Gs          , Gs          , Gs          , Gs          , Gs          , Gs          , Gs          , Gs          , Gs          , Gs          , Gs          , Gs          , Gg          , Ha^Fda      , Ha^Fda      , Ha^Fma      , Ha^Fpa      , Ms          , Ha          , Ha          , Ha^Fpa      , Ha          , Ha^Fpa      , Ha^Fpa      , Ai          , Ms          , Ms          , Ms          , Ms          , Ms          , Ms          , Ms          , Ms          , Ms          
Ms          , Ms          , Ha^Fma      , Hh^Fp       , Hh^Fmw      , Hh^Fdw      , Gs^Fmf      , Gs^Fp       , Gs^Fp       , Hh^Fp       , Hh^Fp       , Hh^Fp       , Hh^Fp       , Hh^Fp       , Ms          , Hh^Fp       , Ms          , Hh          , Gs          , Gs          , Gs          , Gs          , Gs          , Gs          , Gs          , Gs          , Gs          , Gs          , Gs          , Gs          , Gs          , Gs          , Gs          , Gs          , Gs          , Gs          , Gs          , Gs          , Gs          , Gs          , Gs          , Ha^Fda      , Ha^Fma      , Ha^Fpa      , Ha          , Ha^Fpa      , Ha          , Ha          , Ha          , Ha^Fpa      , Ai          , Ai          , Ai          , Ms          , Ms          , Ms          , Ms          , Ms          , Ms          , Ms          , Ms          , Ms          
Hh^Fp       , Ms          , Hh^Fmw      , Hh^Fmw      , Hh^Fmw      , Gs^Fdw      , Gs^Fp       , Gs^Fp       , Ms          , Ms          , Ms          , Hh^Fp       , Hh^Fmw      , Ms          , Hh          , Ha^Voa      , Co          , Hh          , Gs          , Gs          , Gs          , Gs          , Gs          , Gs          , Gs          , Gs          , Gs          , Gs          , Gs          , Gs          , Gs          , Gs          , Gs          , Gs          , Gs          , Gs          , Gs          , Gs          , Gs          , Gs          , Gs          , Gs          , Aa          , Ha^Fda      , Ha          , Ha          , Ha^Fpa      , Ha          , Ai          , Ai          , Ai          , Ai          , Ai          , Ai          , Ha          , Ha^Voa      , Ms          , Ms          , Ms          , Ms          , Ms          , Ms          
Hh^Fp       , Hh^Fp       , Gs^Fp       , Gs^Fmw      , Gs^Fp       , Gs^Fp       , Ww          , Hh^Fp       , Ms          , Ms          , Ms          , Ha          , Hh          , Hh^Vo       , Co          , Hh          , Re          , Co          , Re          , Gs          , Gs          , Gs          , Gs          , Gs          , Gs          , Gs          , Gs          , Gs          , Gs          , Gs          , Gs          , Gs          , Gg          , Gg^Vo       , Gs          , Gs          , Ww          , Ww          , Ww          , Gs          , Gs          , Gs          , Gs          , Ha^Fma      , Ha^Fpa      , Ha^Fpa      , Ai          , Ai          , Ai          , Ai          , Ha^Fpa      , Ai          , Ha^Fpa      , Ha          , Ms          , Ha          , Ms          , Ms          , Ms          , Ms          , Ms          , Ms          
Hh^Fp       , Hh^Fp       , Gs^Fp       , Gs^Fp       , Gs^Fp       , Ww          , Ww          , Hh^Fp       , Hh^Fmw      , Ms          , Hh          , Hh^Fdw      , Hh^Vo       , Mm          , Co          , Co          , Re          , Co          , Re          , Gs          , Gs          , Gs          , Gs          , Gs          , Gs          , Gs          , Gs          , Gs          , Gg          , Gs          , Gs          , Gg          , Gg          , Gg          , Ww          , Ww          , Gs          , Ww          , Gs          , Ww          , Ww          , Ww          , Ww          , Aa          , Ai          , Ai          , Ai          , Ai          , Ha          , Ha^Fpa      , Ha          , Ha^Fpa      , Ha          , Ha          , Ha          , Ha^Fpa      , Ha          , Ms          , Ms          , Ms          , Ms          , Ms          
Gs^Fp       , Gs^Fp       , Gll^Gvs     , Gg^Vl       , Gs^Fp       , Gs^Fp       , Hh^Fp       , Hh^Fp       , Ms          , Hh          , Hh^Vo       , Hh          , Co          , Co          , 2 Ko        , Ko          , Re          , Co          , Re          , Re          , Gs          , Gs          , Gs          , Gs          , Gs          , Gs          , Gs          , Gg          , Gg          , Gg          , Gg          , Gg          , Gg          , Gg          , Gg          , Gs          , Gs          , Gs          , Gs          , Gs          , Gs          , Gs          , Gg          , Ai          , Ai          , Ai          , Aa          , Ha^Voa      , Ha          , Ha          , Ha          , Ha          , Ha          , Ha^Fpa      , Ms          , Ha^Fpa      , Ha          , Ms          , Ms          , Ms          , Ms          , Ms          
Gs^Fp       , Gs^Fp       , Gs^Fmw      , Gs^Fp       , Gs^Fp       , Gs^Fp       , Hh^Fp       , Ha          , Ha          , Ms          , Co          , Re          , Re          , Ko          , Re          , Re          , Co          , Co          , Re          , Re          , Re^Dr       , Gs          , Gs          , Gs          , Gs          , Gs          , Gs          , Gg          , Gg          , Gg          , Gs          , Gs          , Gs          , Gg          , Gg          , Gs          , Gs          , Gs          , Gs          , Gs          , Gs          , Gs          , Gs          , Gg          , Ww          , Gg          , Gs          , Gs          , Gs          , Ha          , Ha          , Ha          , Ms          , Ms          , Ms          , Ha          , Ha          , Ha          , Ms          , Ms          , Ms          , Ms          
Gs^Fp       , Gs^Fp       , Gs^Fmw      , Gs^Fmw      , Gs^Fdw      , Gs^Fp       , Gs          , Hh^Fmw      , Hh          , Hh          , Re          , Co          , Co          , Re          , Co          , Co          , Re          , Re          , Re          , Re          , Rd          , Gs          , Gs          , Gs          , Gs          , Gs          , Gs          , Gs          , Gs          , Gg          , Gs          , Gs          , Gs          , Gg          , Gs          , Gs          , Gs          , Gs          , Gs          , Gs          , Gs          , Gs          , Gs          , Gg          , Ww          , Gg          , Gs          , Gs          , Gs          , Gs          , Ha^Fma      , Ha          , Ha^Fpa      , Ms          , Ms          , Ms          , Ha^Fpa      , Ha          , Ms          , Ms          , Ms          , Ms          
Gs^Fp       , Gs^Fmw      , Gs^Fp       , Hh^Fmw      , Gs^Fmf      , Gs^Fp       , Gs          , Gs          , Re          , Re          , Re          , Re          , Re          , Co          , Re          , Re          , Re          , Re          , Re          , Rd          , Rd          , Gs          , Gs          , Gs          , Gs          , Gs          , Gs          , Gs          , Gs          , Gs          , Gs          , Gs          , Gs          , Gs          , Gs          , Gs          , Gs          , Gs          , Gs          , Gs          , Gs          , Gs          , Gs          , Gs          , Ww          , Gs          , Gs          , Gs          , Gs          , Gs          , Aa          , Aa          , Ha^Fma      , Ha^Fpa      , Ha^Fpa      , Ha^Fpa      , Ha          , Ha          , Ms          , Ms          , Ms          , Ms          
Gs^Fp       , Gs^Fp       , Gs          , Gs^Fp       , Gs          , Gs          , Gs          , Gs          , Rd^Dr       , Re          , Re          , Re          , Gs          , Re          , Gs          , Re          , Re          , Rd          , Rd          , Rd          , Rd          , Gs          , Rd          , Gs          , Gs          , Gs          , Gs          , Gs          , Gs          , Gs          , Gs          , Gs          , Gs          , Gs          , Gs          , Gs          , Gs          , Gs          , Gs          , Gs          , Gs          , Gs          , Gs          , Gs          , Ww          , Gs          , Gs          , Gs          , Gs          , Gs          , Aa          , Ha          , Aa^Fma      , Ha^Fpa      , Ha          , Ha^Fpa      , Ha          , Ha          , Ha^Fpa      , Ms          , Ms          , Ms          
Gs^Fp       , Gs^Fp       , Gs^Fp       , Gs          , Gs          , Gs          , Gs          , Gs          , Rd          , Re          , Re          , Rd          , Gs          , Gs          , Gs          , Gs          , Gs          , Gs          , Gs          , Rd          , Rd          , Rd          , Rd          , Rd          , Rd          , Gs          , Gs          , Gs          , Gs          , Gs          , Gs          , Gs          , Gs          , Gs          , Gs          , Gs          , Gs          , Gs          , Gg^Vo       , Gs          , Gs^Fmw      , Gs          , Gs          , Gs          , Gs          , Ww          , Gs          , Gs          , Gs          , Gs          , Ha^Fma      , Ha^Fpa      , Aa          , Ha          , Ha          , Aa^Voa      , Ms          , Ha          , Ha          , Ha          , Ms          , Ms          
Gs^Fp       , Gs^Fp       , Gs^Fmw      , Gs          , Gs          , Gs          , Gs          , Gs          , Rd          , Rd          , Rd          , Rd          , Gs          , Gs          , Gs          , Gs          , Gs          , Gs          , Gs          , Gs          , Gs          , Rd          , Gs          , Rd          , Rd          , Rd          , Rd          , Gs          , Gs          , Gs          , Gs          , Gs          , Gs          , Gs          , Gg          , Gg          , Gg          , Gg          , Gg          , Gg          , Gs^Fmw      , Gs          , Gs          , Gs          , Gs          , Ww          , Ww          , Ww          , Gg          , Gs          , Ha^Fpa      , Ha^Fpa      , Aa          , Ha          , Ha          , Ha          , Ms          , Ha          , Ms          , Ha          , Ms          , Ms          
Hh^Fp       , Gs^Fmw      , Gs^Fp       , Gs^Fp       , Gs^Fdw      , Gs          , Gs          , Gs          , Gs          , Rd          , Gs          , Gs          , Gs          , Gs          , Gs          , Gs          , Gs          , Gs          , Gs          , Gs          , Gs          , Gs          , Gs          , Gs          , Gs          , Rd          , Rd          , Rd          , Gs          , Gs          , Gs          , Gs          , Gs          , Gs          , Gs          , Gs          , Gs          , Gs          , Gs          , Gs^Fp       , Gs          , Gs          , Gs          , Gs          , Gs          , Gs          , Gs          , Ww          , Ww          , Gg          , Aa          , Ha^Fda      , Aa^Vla      , Ha          , Ha^Fpa      , Ha          , Ha          , Ms          , Ha          , Ha          , Ms          , Ms          
Hh^Fp       , Hh^Fmw      , Gs^Fp       , Gs^Fmw      , Gs^Fmf      , Gs          , Gs          , Gs          , Rd          , Rd          , Gs          , Gs          , Gs          , Gs          , Gs          , Gs          , Gs          , Gs          , Gs          , Gs          , Gs          , Gg          , Gg          , Gg^Vo       , Gg          , Gs          , Rd          , Rd          , Gs          , Gs          , Gs          , Gs          , Gs          , Gs          , Gs          , Gs          , Gs          , Gs          , Gs          , Gs          , Gs          , Gs          , Gs          , Gs          , Gs          , Gs          , Gs          , Gs          , Gs          , Gg          , Gg          , Ha^Fda      , Ai          , Ha          , Aa          , Ha^Fma      , Ha^Fpa      , Ms          , Ms          , Ms          , Ms          , Ha          
Hh^Fp       , Gg^Vo       , Gs^Fp       , Gs^Fmw      , Ww          , Gs^Fmf      , Gs          , Gs          , Rd          , Gs          , Gg          , Gg          , Gs          , Gs          , Gs          , Gs          , Gs          , Gs          , Gs          , Gg          , Gg          , Gg          , Gs          , Gg          , Gg          , Gs          , Rd          , Rd          , Rd          , Gs          , Gs^Fp       , Gs^Fp       , Gs^Fp       , Gs          , Gs^Fp       , Gs^Fp       , Gs          , Gs          , Gs          , Gs          , Gs          , Gs          , Gs          , Gs          , Gs          , Gs          , Gs          , Gs          , Gg          , Gg          , Gs          , Gs          , Gs          , Gs          , Gg          , Ha^Fma      , Ha          , Ha          , Ms          , Ms          , Ha          , Ha          
Gs^Fp       , Gs^Fp       , Gs^Fmw      , Gs^Fdw      , Gs^Fmf      , Ww          , Gs          , Gs          , Rd          , Gs          , Gg          , Gg          , Gs          , Gs          , Gs          , Gs          , Gs          , Gs          , Gs          , Gs          , Gs          , Gs          , Gg          , Gg          , Gg^Vo       , Gs          , Gs          , Rd          , Rd          , Rd          , Rd          , Gs^Fp       , Rd          , Gs^Fmw      , Gs^Fp       , Gs^Fmw      , Gs          , Gs          , Gs          , Gs          , Gs          , Gs          , Gs          , Gs          , Gs          , Gs          , Gs          , Gs          , Gg          , Gg          , Gg          , Gg          , Gg          , Gs          , Gg          , Gg          , Ai          , Ha^Fpa      , Ha          , Ms          , Ha          , Ha          
Gs^Fp       , Gs^Fp       , Gs^Fmw      , Gs^Fdw      , Gs          , Gs          , Gs          , Rd          , Rd          , Gs          , Gg          , Gg          , Gs          , Gs          , Gs          , Gs          , Gs          , Gs          , Gs          , Gs          , Gg          , Gg          , Gg          , Gg          , Gg          , Gg          , Gg          , Gs          , Gs          , Rd          , Rd          , Rd          , Rd          , Rd          , Rd          , Gs^Fmw      , Gs^Fp       , Gs          , Gs          , Gs          , Gs          , Gs          , Gs          , Gs          , Gs          , Gs          , Gs          , Gs          , Gs          , Gg          , Ha^Fda      , Ha^Fma      , Ha^Fma      , Gg          , Ww          , Ww          , Ww          , Ai          , Ha          , Ms          , Ha          , Ha          
Gs^Fp       , Gs^Fp       , Gs          , Gs          , Gs          , Gs          , Gs          , Rd          , Gs          , Gs          , Gg          , Gg^Vo       , Gs          , Gs          , Gs          , Gs          , Gs          , Gs          , Gs          , Gs          , Gg          , Gg          , Gg          , Gg          , Gg          , Gg          , Gg          , Gs          , Gs          , Gs          , Gs^Fp       , Gs^Fp       , Gs^Fmw      , Rd          , Rd          , Rd          , Rd          , Gs^Fp       , Gs          , Gs          , Gs          , Gs          , Gs          , Gs          , Gs          , Gs          , Gs          , Gs          , Gs          , Gs          , Gs^Fmw      , Ha^Fda      , Ha^Fma      , Gg          , Ww          , Ww          , Ww          , Ai          , Ha          , Ha          , Ha^Fpa      , Ha          
Gs^Fp       , Gs          , Gs          , Gs          , Gs          , Gs          , Rd          , Rd          , Gs          , Gs          , Gs          , Gg          , Gs          , Gs          , Gs          , Gs          , Gs          , Gs          , Gs          , Gs          , Gs          , Gg          , Gs          , Gs          , Gs          , Gg          , Gs          , Gs          , Gs^Fmw      , Gs          , Gs          , Gs          , Gs^Fp       , Gs^Fp       , Gs^Fp       , Rd          , Rd          , Rd          , Rd          , Gs          , Gg          , Gg          , Gg          , Gs          , Gs          , Gs          , Gs          , Gs          , Gs          , Gs          , Gs^Fp       , Gs^Fmw      , Gs^Fmw      , Gg          , Gg          , Ww          , Gg          , Ha^Fma      , Ha          , Ha^Fpa      , Ha          , Ha          
Gs          , Gs          , Gs          , Gs          , Gs          , Gs          , Rd          , Gs          , Gs          , Gs          , Gs          , Gs          , Gs          , Gs          , Gs          , Gs          , Gs          , Gs          , Gs          , Gs          , Gs          , Gs          , Gs          , Gs          , Gs          , Gs          , Gs          , Gs          , Gs^Fp       , Gs          , Gg          , Gg          , Gg          , Gs^Fp       , Gg          , Gs^Fmw      , Gs          , Rd          , Rd          , Gg          , Gg          , Gg^Vo       , Gg          , Gs          , Gs          , Gs          , Gs          , Gs          , Gs          , Gs          , Gs          , Gs^Fmw      , Gg          , Gs          , Gs          , Gg          , Gs          , Ha^Fma      , Ai          , Ha^Voa      , Ha          , Ha          
Gs          , Gs          , Gs          , Gs          , Rd          , Rd          , Gs          , Gs          , Gs          , Gs          , Gs          , Gs          , Gg          , Gs          , Gs          , Gs          , Gs          , Gs          , Gs          , Gs          , Gs          , Gs          , Gs          , Gs          , Gs          , Gs          , Gs          , Gs          , Gs          , Gs          , Gs          , Gg          , Gs          , Gs          , Gs          , Gs          , Gs          , Rd          , Rd          , Rd          , Gs          , Gg          , Gg          , Gs          , Gs          , Gs          , Gs          , Gs          , Gs          , Gs          , Gg          , Gg          , Gg          , Gg          , Gs          , Gs          , Gs          , Gs          , Gs          , Ha          , Ha^Fma      , Ha          
Gs          , Gs          , Rd          , Rd          , Gs          , Gs          , Gs          , Gs          , Gs          , Gs          , Gs          , Gg          , Gg          , Gg          , Gg          , Gs          , Gs          , Gs          , Gs          , Gs          , Gs          , Gs          , Gs          , Gs          , Gs          , Gs          , Gs          , Gs          , Gs          , Gs          , Gs          , Gs          , Gs          , Gs          , Gs          , Gs          , Gs          , Gs          , Rd          , Rd          , Rd          , Gs          , Gs          , Gs          , Gs          , Gs          , Gs          , Gs          , Gs          , Gg          , Gs          , Gg          , Gs          , Gg          , Gs          , Gs          , Gs          , Gs          , Gs          , Gs          , Gs          , Ha^Fma      
Gs          , Gs          , Rd          , Rd          , Gs          , Gs          , Gs          , Gs          , Gs          , Gs          , Gs          , Gg          , Hh          , Hh          , Hh          , Gs          , Gs          , Gs          , Gs          , Gs          , Gs          , Gs          , Gs          , Gs          , Gs          , Gs          , Gs          , Gs          , Gs          , Gs          , Gs          , Gs          , Gs          , Gs          , Gs          , Gs          , Gs          , Gs          , Gs          , Rd          , Rd          , Rd          , Rd          , Gs          , Gs          , Gs          , Gs          , Gs          , Gs          , Gs          , Gs          , Gs          , Gs          , Gs          , Gs          , Gs          , Gs          , Gs          , Gs          , Gs          , Gs          , Gs          
Rd          , Rd          , Gs          , Gs          , Gs          , Gs          , Gs          , Gs          , Gs          , Gs          , Hh          , Hh          , Gs          , Hh^Vo       , Hh          , Hh          , Gs          , Gs          , Gs          , Gs          , Gs          , Gs          , Gs          , Gs          , Gs          , Gs          , Gs          , Gs          , Gs          , Gs          , Gs          , Gs          , Gs          , Gs          , Gs          , Gs          , Gs          , Gs          , Gs          , Gs          , Gs          , Rd          , Rd          , Rd          , Rd          , Gs          , Gs          , Gs          , Gs          , Gs          , Gs          , Gs          , Re          , Re          , Re          , Gs          , Gs          , Gs          , Gs          , Gs          , Gs          , Gs          
Gs          , Gs          , Gs          , Gs          , Gg          , Gg          , Gg          , Gg          , Gg          , Gg          , Gg          , Gs          , Gs          , Gs          , Gs          , Gg          , Gs          , Gs          , Gs          , Gs          , Gs          , Gs          , Gs          , Gs          , Gs          , Gs          , Gs          , Gs          , Gg^Vo       , Gs          , Gs          , Gs          , Gs          , Gs          , Gs          , Gs          , Gs          , Gs          , Gs          , Gs          , Gs          , Gs          , Gs          , Rd          , Rd          , Rd          , Rd          , Rd          , Rd          , Gs          , Rd          , Gs          , Re          , Re^Vct      , Re^Vct      , Re          , Gs          , Gs          , Gs          , Gs          , Gs          , Gs          
Gs          , Gs          , Gs          , Gs          , Gg          , Gg          , Gg          , Gg          , Gg          , Gg          , Gg          , Gs          , Gs          , Gs          , Gs          , Gs          , Gs          , Gs          , Gs          , Gs          , Gs          , Gs          , Gs          , Gs          , Gs          , Gs          , Gs          , Gs          , Gg          , Gg          , Gs          , Gs          , Gs          , Gs          , Gs          , Gs          , Gs          , Gs          , Gs          , Gs          , Gs          , Gs          , Gs          , Gs          , Gg          , Rd          , Rd          , Rd          , Rd          , Rd          , Rd          , Rd          , Re          , Re          , Re          , Re          , Re          , Gs          , Gs          , Gs          , Gs          , Gs          
Gs          , Gs          , Gs          , Gs          , Gs          , Gg          , Gg          , Gs          , Gs          , Gs          , Gs          , Gs          , Gs          , Gs          , Gs          , Gs          , Gs          , Gs          , Gs          , Gs          , Gs          , Gs          , Gs          , Gs          , Gs          , Gs          , Gs          , Gs          , Gs          , Gs          , Gs          , Gs          , Gs          , Gs          , Gs          , Gs          , Gs          , Gs          , Gs          , Gs          , Gs          , Gs          , Gs          , Gs          , Gs          , Gg          , Gg          , Gg^Vo       , Gs          , Rd          , Gs          , Rd          , Re          , Re          , Ce          , Ce          , Ce          , Re          , Gs          , Gs          , Gs          , Gs          
Gs          , Gs          , Gs          , Gs          , Gs          , Gg          , Gs          , Gs          , Gs          , Gs          , Gs          , Gs          , Gs          , Gs          , Gs          , Gs          , Gs          , Gs          , Gs          , Gs          , Gs          , Gs          , Gs          , Gs          , Gs          , Gs          , Gs          , Gs          , Gs          , Gs          , Gs          , Gs          , Gs          , Gs          , Gs          , Gs          , Gs          , Gs          , Gs          , Gs          , Gs          , Gs          , Gs          , Gs          , Gs          , Gs          , Gs          , Gs          , Gs          , Gs          , Re          , Re          , Re          , Ce          , Ce          , Ce          , 1 Ke        , Re          , Rd          , Gs          , Gs          , Gs          
Gs          , Gs          , Gs          , Gs          , Gs          , Gs          , Gs          , Gs          , Gs          , Gs          , Gs          , Gs          , Gs          , Gs          , Gs          , Gs          , Gs          , Gs          , Gs          , Gs          , Gs          , Gs          , Gs          , Gs          , Gs          , Gs          , Gs          , Gs          , Gs          , Gs          , Gs          , Gs          , Gs          , Gs          , Gs          , Gs          , Gs          , Gs          , Gs          , Gs          , Gs          , Gs          , Gs          , Gs          , Gs          , Gs          , Gs          , Gs          , Gs          , Gs          , Re          , Re^Vct      , Re          , Re          , Re          , Ce          , Re          , Re          , Rd          , Rd          , Rd          , Gs          
Gs          , Gs          , Gs          , Gs          , Gs          , Gs          , Gs          , Gs          , Gs          , Gs          , Gs          , Gs          , Gs          , Gs          , Gs          , Gs          , Gs          , Gs          , Gs          , Gs          , Gs          , Gs          , Gg          , Gs          , Gs          , Gs          , Gs          , Gs          , Gs          , Gs          , Gs          , Gs          , Gs          , Gs          , Gs          , Hh          , Hh^Vo       , Gs          , Gs          , Gs          , Gs          , Gs          , Gs          , Gs          , Gs          , Gs          , Gs          , Gs          , Gs          , Gs          , Gs          , Re          , Gs          , Gs          , Gs          , Gs          , Gs          , Gs          , Gs          , Rd          , Rd          , Rd          
Gs          , Gs          , Gs          , Gs          , Gs          , Gs          , Gs          , Gs          , Gs          , Gs          , Gs          , Gs          , Gs          , Gs          , Gs          , Gs          , Gs          , Gs          , Gs          , Gs          , Gg          , Gg          , Gg          , Gg          , Gg          , Gg          , Gs          , Gs          , Gs          , Gs          , Gs          , Gs          , Gs          , Gs          , Gs          , Hh          , Hh          , Hh          , Gs          , Gs          , Gs          , Gs          , Gs          , Gs          , Gg          , Gs          , Gs          , Gs          , Gs          , Gs          , Gs          , Gs          , Gs          , Gs          , Gs          , Gs          , Gs          , Gs          , Gs          , Gs          , Gs          , Rd          
