border_size=1
usage=map

Xu          , Xu          , Xu          , Xu          , Xu          , Xu          , Xu          , Xu          , Xu          , Xu          , Xu          , Xu          , Xu          , Xu          , Xu          , Xu          , Xu          , Xu          , Xu          , Xu          , Xu          , Xu          , Xu          , Xu          , Xu          , Xu          , Xu          , Xu          , Xu          , Hh^Fp       , Hh^Fp       , Hh^Fp       , Hh^Fp       , Gs^Fp       
Xu          , Xu          , Xu          , Xu          , Xu          , Xu          , Xu          , Xu          , Xu          , Xu          , Xu          , Xu          , Xu          , Xu          , Xu          , Xu          , Xu          , Xu          , Xu          , Xu          , Xu          , Xu          , Xu          , Xu          , Xu          , Xu          , Xu          , Xu          , Xu          , Hh^Fp       , Hh^Fds      , Hh^Fp       , Gs^Fp       , Gs^Fp       
Xu          , Xu          , Xu          , Xu          , Xu          , Xu          , Uue         , Xu          , Xu          , Xu          , Xu          , Xu          , Xu          , Xu          , Xu          , Xu          , Xu          , Xu          , Xu          , Xu          , Uh          , Uh          , Uh          , Xu          , Xu          , Xu          , Xu          , Xu          , Hh^Fds      , Hh^Fp       , Hh^Fms      , Gs^Fp       , Gs^Fms      , Gs^Fp       
Xu          , Xu          , Xu          , Xu          , Xu          , Uu^Vu       , Xu          , Uue         , Re          , Xu          , Re          , Xu          , Re          , Xu          , Xu          , Xu          , Uue         , Uh          , Re          , Uu^Vu       , Cud         , Xu          , Uu^Vu       , Xu          , Xu          , Xu          , Xu          , Xu          , Hh^Fp       , Hh^Fp       , Hh^Fp       , Gs^Fp       , Gs^Fds      , Gs^Fp       
Xu          , Xu          , Xu          , Xu          , Xu          , Xu          , Xu          , Xu          , Re          , Re          , Uh          , Ur          , Ur          , Ur          , Ur          , Re          , Ur          , Re          , Cud         , Re          , Cud         , Uh          , 3 Kud       , Qxu         , Qxu         , Xu          , Xu          , Hh^Fp       , Gs^Fp       , Hh^Fp       , Ss          , Gs^Fms      , Gs^Fp       , Gs^Fms      
Xu          , Xu          , Uh          , Uu^Vud      , Uu^Emf      , Xu          , Xu          , Xu          , Ur          , Uh          , Xu          , Xu          , Xu          , Uh          , Xu          , Ur          , Uh          , Uu          , Uh          , Uh          , Xu          , Cud         , Uh          , Uh          , Uh          , Xu          , Xu          , Hh^Fp       , Gs^Fp       , Gs^Fp       , Hh^Fms      , Ww          , Gs^Fp       , Gs^Fp       
Xu          , Xu          , Ww          , Ur          , Ur          , Xu          , Xu          , Xu          , Ur          , Xu          , Xu          , Xu          , Xu          , Xu          , Xu          , Xu          , Xu          , Xu          , Uh          , Uh          , Xu          , Cud         , Uu^Vu       , Uh          , Xu          , Xu          , Hh          , Hh^Fp       , Gs^Fms      , Gs^Fms      , Gg          , Gs^Fms      , Gs^Fms      , Gs^Fp       
Xu          , Xu          , Xu          , Ww          , Xu          , Ur          , Ur          , Ur          , Ur          , Uu^Es       , Uu^Es       , Xu          , Ur          , Uu^Vud      , Uu^Es       , Xu          , Xu          , Xu          , Xu          , Xu          , Xu          , Ur          , Ur          , Xu          , Xu          , Hh          , Hh^Fms      , Gs^Fp       , Gs^Fms      , Gs^Fms      , Gs^Fp       , Gs^Fms      , Gs^Fp       , Gs^Fms      
Xu          , Xu          , Xu          , Xu          , Xu          , Xu          , Uh          , Uu          , Ur          , Uu^Es       , Ur          , Ur          , Qxu         , Uu          , Uu^Es       , Uh          , Uh          , Xu          , Xu          , Xu          , Ur          , Qxu         , Xu          , Xu          , Hh          , Hh          , Hh^Fms      , Gs^Fp       , Gs^Fp       , Gs^Fp       , Gg          , Gs^Fp       , Gs^Fp       , Re          
Xu          , Xu          , Xu          , Xu          , Xu          , Xu          , Uh          , Uu^Vud      , Uu          , Ur          , Uu          , Qxu         , Cud         , Qxu         , Uh          , Uh          , Re          , Uh          , Re          , Uu^Vud      , Ur          , Xu          , Xu          , Xu          , Hh          , Hh^Fp       , Hh^Fms      , Hh^Fms      , Gg          , Gg          , Gs^Fp       , Gg          , Re          , Re          
Xu          , Xu          , Xu          , Xu          , Xu          , Xu          , Re          , Uu          , Uu          , Ur          , Cud         , Uu          , 2 Kud       , Uu          , Cud         , Uh          , Uue         , Re          , Re          , Ur          , Ur          , Uu          , Xu          , Xu          , Xu          , Hh          , Hh^Fms      , Hh^Fms      , Gg          , Gg          , Gg          , Gg          , Re          , Gg          
Xu          , Xu          , Xu          , Xu          , Xu          , Xu          , Uh          , Re          , Ur          , Ur          , Ur          , Uu          , Cud         , Uu          , Uh          , Ur          , Ur          , Re          , Ur          , Ur          , Uu          , Ur          , Ur          , Xu          , Xu          , Xu          , Hh^Fp       , Hh^Fms      , Gg          , Gs^Fp       , Gg          , Re          , Gs^Fms      , Gg          
Xu          , Xu          , Xu          , Xu          , Uu^Vud      , Ur          , Ur          , Ur          , Re          , Uu          , Re          , Ur          , Ur          , Ur          , Ur          , Ur          , Uu          , Ur          , Uu^Es       , Uu^Es       , Uu^Es       , Uu          , Ur          , Ur          , Ur          , Xu          , Gg^Dr       , Gg          , Gg          , Gg          , Re          , Re          , Gs^Fp       , Gg          
Xu          , Xu          , Xu          , Xu          , Ur          , Ur          , Xu          , Uh          , Xu          , Re          , Re          , Re          , Ur          , Uh          , Uh          , Uu          , Uue         , Re          , Re          , Uu^Vud      , Xu          , Qxu         , Ur          , Ur          , Rd^Dr       , Ur          , Rd          , Gg          , Re          , Re          , Gg          , Gs^Fp       , Gg          , Gg          
Xu          , Xu          , Xu          , Xu          , Ur          , Uh          , Xu          , Xu          , Xu          , Xu          , Xu          , Uu^Vud      , Xu          , Ur          , Ur          , Uu          , Uu          , Xu          , Ur^Dr       , Xu          , Xu          , Xu          , Xu          , Ur          , Rd          , Ur          , Re          , Re          , Gg          , Gg          , Gg          , Gg          , Gg          , Gg          
Xu          , Xu          , Xu          , Cud         , Ur          , Cud         , Xu          , Xu          , Xu          , Xu          , Xu          , Xu          , Xu          , Ur          , Xu          , Uu          , Xu          , Xu          , Uu          , Re          , Xu          , Xu          , Xu          , Xu          , Hh          , Re          , Re          , Re          , Gg          , Gg          , Gg          , Gg          , Gg          , Gg          
Xu          , Xu          , Uu^Vud      , Ur          , Ur          , Ur          , Uu^Vud      , Xu          , Xu          , Xu          , Ur          , Uu          , Uu          , Uu          , Xu          , Xu          , Xu          , Xu          , Xu          , Uu^Dr       , Xu          , Xu          , Xu          , Hh^Fp       , Hh^Fp       , Re          , Gg          , Gg          , Gs^Fds      , Gg          , Gs^Fds      , Gg          , Gg          , Gg          
Xu          , Xu          , Ww          , Cud         , 1 Kud       , Cud         , Ww          , Xu          , Xu          , Xu          , Ur          , Ur          , Ur          , Xu          , Xu          , Xu          , Xu          , Xu          , Xu          , Xu          , Xu          , Xu          , Xu          , Hh^Fp       , Hh^Fp       , Re          , Gg          , Gg          , Gg          , Gs^Fds      , Gg          , Gg          , Gg          , Gg          
Xu          , Xu          , Uu^Vud      , Cud         , Cud         , Cud         , Uu^Vud      , Xu          , Xu          , Xu          , Xu          , Xu          , Xu          , Ur          , Xu          , Xu          , Xu          , Xu          , Xu          , Xu          , Xu          , Xu          , Hh^Fp       , Hh^Fp       , Ce          , Re          , Gg          , Gg          , Gg          , Gs^Fds      , Gg          , Gg          , Gg          , Gg          
Xu          , Xu          , Qxu^Bs/     , Ur          , Uu^Vud      , Ur          , Qxu^Bs\     , Xu          , Xu          , Xu          , Uu^Vud      , Xu          , Xu          , Ur          , Xu          , Xu          , Xu          , Xu          , Xu          , Xu          , Hh^Xo       , Hh^Fp       , Ce          , Ce          , Ce          , Ce          , Ce          , Gg          , Gg          , Gg          , Gg          , Gg          , Gg          , Gg          
Xu          , Xu          , Xu          , Qxu         , Qxu         , Qxu         , Xu          , Xu          , Uu          , Xu          , Uu          , Xu          , Ur          , Ur          , Uu          , Xu          , Uu          , Hh^Fp       , Hh          , Hh          , Hh^Xo       , Ce          , Ce          , Ce          , Ce          , Ce          , Ce          , Gg          , Gg          , Gs^Fds      , Gg          , Gg          , Wwf         , Gg          
Xu          , Xu          , Xu          , Xu          , Xu          , Xu          , Xu          , Xu          , Xu          , Ur          , Uu          , Uu          , Xu          , Xu          , Xu          , Uu          , Xu          , Hh^Fms      , Hh          , Hh^Fds      , Hh^Xo       , 4 Ke        , Ce          , Ce          , Ce          , Ce          , Ce          , Gg          , Gg          , Gg          , Gg          , Wwf         , Wwf         , Gg          
Xu          , Xu          , Xu          , Xu          , Xu          , Xu          , Xu          , Xu          , Xu          , Ur          , Ur          , Uu          , Xu          , Xu          , Xu          , Xu          , Xu          , Hh          , Hh          , Hh          , Hh^Fp       , Hh^Xo       , Hh          , Ce          , Ce          , Ce          , Gg          , Gg          , Gg          , Gg          , Gg          , Wwf         , Gg          , Gg          
Xu          , Xu          , Xu          , Xu          , Xu          , Xu          , Xu          , Xu          , Xu          , Xu          , Xu          , Xu          , Xu          , Xu          , Xu          , Xu          , Xu          , Xu          , Hh          , Hh          , Hh^Fp       , Hh^Fds      , Hh          , Hh          , Hh          , Hh          , Hh          , Gg          , Gg          , Gg          , Gg          , Gg          , Gg          , Gg          
