border_size=1
usage=map

Xu          , Xu          , Xu          , Xu          , Xu          , Xu          , Uu          , Uu          , Uu          , Xu          , Xu          , Xu          , Xu          , Xu          , Xu          , Xu          , Xu          , Xu          , Xu          , Xu          , Xu          , Xu          , Xu          , Xu          , Xu          , Xu          , Xu          , Xu          , Xu          , Xu          , Xu          
Xu          , Xu          , Xu          , Xu          , Xu          , Xu          , Uu          , Uu          , Uu          , Ur          , Uu          , Xu          , Xu          , Xu          , Xu          , Xu          , Xu          , Xu          , Xu          , Xu          , Xu          , Xu          , Xu          , Xu          , Xu          , Xu          , Xu          , Xu          , Xu          , Xu          , Xu          
Xu          , Xu          , Xu          , Xu          , Xu          , Xu          , Xu          , Uu          , Uu          , Uu          , Uu          , Uu^Vud      , Xu          , Xu          , Xu          , Xu          , Xu          , Xu          , Xu          , Xu          , Xu          , Xu          , Xu          , Xu          , Xu          , Xu          , Xu          , Xu          , Xu          , Xu          , Xu          
Xu          , Xu          , Xu          , Xu          , Xu          , Xu          , Xu          , Uu          , Ur          , Uu          , Uu          , Uu          , Uu          , Uu          , Uu          , Uu^Uf       , Uu^Uf       , Uu^Uf       , Uu^Uf       , Xu          , Xu          , Xu          , Xu          , Xu          , Xu          , Xu          , Xu          , Xu          , Xu          , Xu          , Xu          
Xu          , Xu          , Xu          , Xu          , Xu          , Xu          , Uu          , Uu          , Uu          , Uu          , Xu          , Xu          , Xu          , Xu          , Ur          , Uu          , Ur          , Uu^Uf       , Uu^Uf       , Xu          , Ss          , Uh          , Wo          , Xu          , Xu          , Xu          , Xu          , Xu          , Xu          , Xu          , Xu          
Xu          , Xu          , Xu          , Xu          , Xu          , Uu^Em       , Uu^Em       , Ur          , Qxu^Ii      , Uu          , Wwf         , Xu          , Ql          , Ql          , Ur^Em       , Ur          , Uu^Uf       , Uu^Uf       , Ss          , Ss          , Ww          , Ww          , Wo          , Wo          , Wo          , Xu          , Xu          , Xu          , Xu          , Xu          , Xu          
Xu          , Xu          , Xu          , Xu          , Xu          , Uu^Em       , Uu^Em       , Qxu^Ii      , Uu^Vu       , Wwf         , Ww          , Ur          , Ur^Em       , Ur          , Uu^Em       , Uu^Em       , Ww          , Ww          , Ww          , Ww          , Uu          , Ww          , Ww          , Wo          , Wo          , Xu          , Xu          , Xu          , Xu          , Xu          , Xu          
Xu          , Xu          , Xu          , Xu          , Ww          , Wwf         , Ww          , Uu^Em       , Ww          , Ww          , Wo          , Ww          , Ww          , Uu^Em       , Ww          , Ww          , Ww          , Ww          , Xu          , Uu          , Xu          , Uu          , Uu^Vud      , Ww          , Xu          , Xu          , Xu          , Xu          , Xu          , Xu          , Xu          
Xu          , Xu          , Xu          , Ww          , Ww          , Ww          , Ww          , Ww          , Ww          , Wo          , Ww          , Ww          , Xu          , Ww          , Xu          , Ww          , Xu          , Xu          , Xu          , Xu          , Ql          , Ql          , Uh          , Xu          , Xu          , Xu          , Xu          , Xu          , Xu          , Xu          , Xu          
Xu          , Xu          , Xu          , Ss          , Ss^Ii       , Ss          , Ss          , Ww          , Wwf         , Ww          , Ww          , Ww          , Xu          , Xu          , Xu          , Xu          , Uh          , Xu          , Uu^Vu       , Uh          , Uh          , Uh          , Xu          , Xu          , Xu          , Xu          , Xu          , Xu          , Xu          , Xu          , Xu          
Xu          , Xu          , Xu          , Uu^Ii       , Ql          , Ur^Ii       , Uu^Ii       , Ss          , Uu^Em       , Uh          , Uh          , Uh          , Uh          , Wwf         , Ww          , Ww          , Ww          , Uu^Em       , Ww          , Ww          , Ww          , Uh          , Uu^Vud      , Xu          , Xu          , Xu          , Xu          , Xu          , Xu          , Xu          , Xu          
Xu          , Xu          , Xu          , Xu          , Ql          , Ql          , Xu          , Xu          , Xu          , Uu^Em       , Xu          , Uu^Em       , Ww          , Ww          , Ww          , Ww          , Ww          , Ww          , Ww          , Ww          , Ww          , Wwf         , Wwf         , Wwf         , Ww          , Xu          , Xu          , Xu          , Ww          , Ww          , Ww          
Xu          , Xu          , Ql          , Uh^Ii       , Uh^Ii       , Ql          , Xu          , Xu          , Xu          , Xu          , Ww          , Ww          , Ww          , Ww          , Ww          , Ww          , Ww          , Ww          , Wo          , Wo          , Wo          , Ww          , Ww          , Ww          , Ww          , Xu          , Ww          , Ww          , Xu          , Xu          , Xu          
Xu          , Ql          , Ql          , Ql          , Xu          , Xu          , Xu          , Xu          , Xu          , Xu          , Ww          , Ww          , Ww          , Ww          , Wwf         , Wwf         , Ww          , Wo          , Wo          , Wo          , Wo          , Wo          , Wo          , Ww          , Ww          , Ww          , Uh          , Uh          , Xu          , Xu          , Xu          
Xu          , Ql          , Ql          , Ql          , Xu          , Xu          , Xu          , Xu          , Ww          , Ww          , Wo          , Wo          , Wo          , Ww          , Ww          , Wwf         , Ww          , Wo          , Wo          , Wo          , Wo          , Wo          , Wo          , Ww          , Ww          , Ww          , Uh          , Uh          , Xu          , Xu          , Xu          
Xu          , Xu          , Uh          , Uh          , Xu          , Xu          , Xu          , Wwf         , Ww          , Wo          , Wo          , Wo          , Wo          , Wo          , Ww          , Wwf         , Wwf         , Ww          , Ww          , Wo          , Wo          , Wo          , Ww          , Ww          , Ww          , Ww          , Xu          , Xu          , Xu          , Xu          , Qlf         
Xu          , Xu          , Uu^Uf       , Uu^Vu       , Uu          , Uu          , Uu          , Wwf         , Ww          , Wo          , Wo          , Wo          , Wo          , Wo          , Ww          , Wwf         , Ww          , Ww          , Ww          , Ww          , Ww          , Ww          , Wwf         , Uh          , Uh          , Xu          , Xu          , Qlf         , Qlf         , Qlf         , Qlf         
Xu          , Xu          , Uu^Uf       , Uu^Uf       , Uu          , Uu          , Uu          , Ur          , Wwf         , Ww          , Ww          , Wo          , Ww          , Ww          , Ww          , Ww          , Ww          , Ww          , Ww          , Ww          , Ss^Ii       , Wwf         , Uh^Ii       , Uh^Ii       , Xu          , Xu          , Qlf         , Qlf         , Qlf         , Qlf         , Qlf         
Xu          , Xu          , Xu          , Uu^Uf       , Uu          , Ur          , Uu^Em       , Ur          , Ur          , Wwf         , Uu          , Ww          , Ww          , Ww          , Ww          , Ww          , Ss          , Ww          , Ss          , Ss          , Ur          , Uu^Ii       , Ql          , Ql          , Xu          , Qlf         , Qlf         , Qlf         , Qlf         , Qlf         , Xu          
Xu          , Xu          , Xu          , Uu          , Uu          , Uu^Em       , Ww          , Uu^Em       , Ww          , Ur          , Ur          , Uu          , Ur          , Ww          , Ss^Ii       , Ss^Ii       , Ss^Ii       , Ss^Ii       , Ur^Ii       , Ur          , Xu          , Xu          , Xu          , Xu          , Xu          , Qlf         , Qlf         , Qlf         , Xu          , Xu          , Xu          
Xu          , Xu          , Xu          , Xu          , Xu          , Uu^Em       , Ww          , Ww          , Ww          , Uu^Em       , Uu^Em       , Ur          , Uu          , Ss          , Ur^Ii       , Ur^Ii       , Uu^Ii       , Ur^Ii       , Ur^Ii       , Xu          , Ql          , Xu          , Ql          , Xu          , Ql          , Ql          , Ql          , Xu          , Xu          , Xu          , Xu          
Xu          , Xu          , Xu          , Xu          , Xu          , Uu^Em       , Uu^Em       , Ww          , Uu          , Uu^Em       , Ur          , Ur          , Uh^Ii       , Uu^Ii       , Ql          , Ql          , Ql          , Ql          , Ql          , Ql^Bs\      , Uu^Ii       , Ql          , Uu^Vud      , Ql          , Ql          , Ql          , Ql          , Xu          , Xu          , Xu          , Xu          
Xu          , Xu          , Xu          , Xu          , Xu          , Xu          , Xu          , Ur          , Ur          , Ur          , Uu^Vu       , Uu          , Uh^Ii       , Ql          , Ql          , Ql          , Ql          , Ql          , Ql          , Ql          , Xu          , Uu^Ii       , Xu          , Xu          , Xu          , Ql          , Xu          , Xu          , Xu          , Xu          , Xu          
Xu          , Xu          , Xu          , Xu          , Xu          , Xu          , Uu          , Ur          , Ur          , Xu          , Xu          , Xu          , Xu          , Ql          , Ql          , Ql          , Ql          , Ql          , Uu^Vud      , Xu          , Xu          , Xu          , Xu          , Xu          , Xu          , Xu          , Xu          , Xu          , Xu          , Xu          , Xu          
Xu          , Xu          , Xu          , Xu          , Xu          , Xu          , Xu          , Ur          , Ur          , Xu          , Xu          , Xu          , Xu          , Ql          , Ql          , Ql          , Ql          , Ql          , Uu^Ii       , Xu          , Xu          , Xu          , Xu          , Xu          , Ur^Em       , Uu^Vu       , Uu^Emf      , Xu          , Xu          , Xu          , Xu          
Xu          , Xu          , Xu          , Xu          , Xu          , Xu          , Ur          , Ur          , Ur          , Xu          , Xu          , Xu          , Xu          , Uh^Ii       , Ur^Ii       , Uu^Ii       , Ur^Ii       , Uu^Ii       , Uu          , Xu          , Xu          , Xu          , Uh          , Uh          , Uu          , Ur^Em       , Uu^Emf      , Xu          , Xu          , Xu          , Xu          
Xu          , Xu          , Xu          , Xu          , Uu^Vud      , Uu          , Xu          , Xu          , Uu          , Ur          , Xu          , Xu          , Xu          , Ur^Em       , Uu          , Uu^Em       , Uu          , Uu          , Ur          , Xu          , Ur          , Xu          , Ur          , Ur          , Uu          , Uu          , Uh          , Xu          , Xu          , Xu          , Xu          
Xu          , Xu          , Xu          , Xu          , Xu          , Xu          , Xu          , Xu          , Uu          , Ur          , Ur          , Xu          , Xu          , Uu          , Ur          , Ur          , Uu          , Uu          , Ur          , Uu          , Uu          , Ur          , Xu          , Uh          , Xu          , Uu^Vud      , Xu          , Xu          , Xu          , Xu          , Xu          
Xu          , Xu          , Xu          , Xu          , Xu          , Xu          , Xu          , Xu          , Xu          , Ur          , Ur          , Ur          , Ur          , Uu          , Ur          , Ur          , Ur          , Ur          , Xu          , Xu          , Xu          , Xu          , Xu          , Xu          , Xu          , Xu          , Xu          , Xu          , Xu          , Xu          , Xu          
Xu          , Xu          , Xu          , Xu          , Xu          , Xu          , Xu          , Xu          , Xu          , Xu          , Xu          , Ur          , Ur          , Ur          , Cud         , Uu^Vu       , Cud         , Xu          , Xu          , Xu          , Xu          , Xu          , Xu          , Xu          , Xu          , Xu          , Xu          , Xu          , Xu          , Xu          , Xu          
Xu          , Xu          , Xu          , Xu          , Xu          , Xu          , Xu          , Xu          , Xu          , Xu          , Xu          , Xu          , Xu          , Xu          , 1 Kud       , Cud         , Cud         , Cud         , Cud         , Xu          , Xu          , Xu          , Xu          , Xu          , Xu          , Xu          , Xu          , Xu          , Xu          , Xu          , Xu          
Xu          , Xu          , Xu          , Xu          , Xu          , Xu          , Xu          , Xu          , Xu          , Xu          , Xu          , Xu          , Xu          , Xu          , Xu          , Uu          , Uu          , Uu          , Uu          , Xu          , Xu          , Xu          , Xu          , Xu          , Xu          , Xu          , Xu          , Xu          , Xu          , Xu          , Xu          
